// Jest Snapshot v1, https://goo.gl/fbAQLP

exports[`test Error page render error page 1`] = `
<DocumentFragment>
  <div
    class="sc-bdfBwQ kyBdbW"
  >
    <h1>
      Page not found
    </h1>
  </div>
</DocumentFragment>
`;
