// Jest Snapshot v1, https://goo.gl/fbAQLP

exports[`test ErrorMessage test with prop align 1`] = `
<DocumentFragment>
  <p
    class="sc-bdfBwQ fzWcBw"
  >
    foo bar
  </p>
</DocumentFragment>
`;
