// Jest Snapshot v1, https://goo.gl/fbAQLP

exports[`test SnackMessage render snack message w default values 1`] = `
<DocumentFragment>
  <div
    class="sc-bdfBwQ bEUqRb"
  >
    foo bar
  </div>
</DocumentFragment>
`;
